// Jest Snapshot v1, https://goo.gl/fbAQLP

exports[`babel-demo babel-demo 1`] = `
"console.log(\\"unkown filename: (2, 0)\\")
console.log(1);

function func() {
  console.log(\\"unkown filename: (5, 4)\\")
  console.info(2);
}

export default class Class {
  say() {
    console.log(\\"unkown filename: (10, 8)\\")
    console.debug(3);
  }

  render() {
    return <div>{[console.log(\\"unkown filename: (13, 21)\\"), console.error(4)]}</div>;
  }

}"
`;
