// Jest Snapshot v1, https://goo.gl/fbAQLP

exports[`for direction  == 1`] = `
"

        a == b
        foo == true
        bananas != 1
        value == undefined
        typeof foo == 'undefined'
        'hello' != 'world'
        0 == 0
        true == true
    
    
↓ ↓ ↓ ↓ ↓ ↓

a === b;
foo === true;
bananas !== 1;
value === undefined;
typeof foo === 'undefined';
'hello' != 'world';
0 == 0;
true == true;  
"
`;

exports[`for direction should direction 1`] = `
"

        for (var i = 0; i < 10; i++) {
        }
        
        for (var i = 10; i >= 0; i--) {
        }
        for (var i = 0; i < 10; i--) {
        }
        
        for (var i = 10; i >= 0; i++) {
        }
    
    
↓ ↓ ↓ ↓ ↓ ↓

for (var i = 0; i < 10; i++) {}

for (var i = 10; i >= 0; i--) {}

for (var i = 0; i < 10; i--) {}

for (var i = 10; i >= 0; i++) {}  
"
`;
