// Jest Snapshot v1, https://goo.gl/fbAQLP

exports[`tracker auto tracker 1`] = `
"import aa from 'aa';
import * as bb from 'bb';
import { cc } from 'cc';
import 'dd';

function a() {
  console.log('aaa');
}

class B {
  bb() {
    return 'bbb';
  }

}

const c = () => 'ccc';

const d = function () {
  console.log('ddd');
};"
`;
